
> diagnosys@0.1.0 build
> prisma generate && next build

node.exe : Prisma schema loaded from prisma\schema.prisma.
En línea: 1 Carácter: 1
+ & "C:\Program Files\nodejs/node.exe" "C:\Users\fredi\AppData\Roaming\ ...
+ ~~~~~~~~~~~~~~~~~~~~~~~~~~~~~~~~~~~~~~~~~~~~~~~~~~~~~~~~~~~~~~~~~~~~~
    + CategoryInfo          : NotSpecified: (Prisma schema l...\schema.prisma. 
   :String) [], RemoteException
    + FullyQualifiedErrorId : NativeCommandError
 

Ô£ö Generated Prisma Client (v7.7.0) to .\node_modules\@prisma\client in 130ms

Start by importing your Prisma Client (See: https://pris.ly/d/importing-client)


[baseline-browser-mapping] The data in this module is over two months old.  To 
ensure accurate Baseline data, please update: `npm i 
baseline-browser-mapping@latest -D`
   Ôû▓ Next.js 16.0.8 (Turbopack)
   - Environments: .env

   Creating an optimized production build ...
[baseline-browser-mapping] The data in this module is over two months old.  To 
ensure accurate Baseline data, please update: `npm i 
baseline-browser-mapping@latest -D`
 Ô£ô Compiled successfully in 3.5s
   Running TypeScript ...
Failed to compile.

./src/app/api/consultant/organizations/[orgId]/audits/route.ts:206:25
Type error: Object literal may only specify known properties, and 'name' does 
not exist in type 'OrganizationSelect<DefaultArgs>'.

[0m [90m 204 |[39m                     select[33m:[39m {
 [90m 205 |[39m                         id[33m:[39m 
[36mtrue[39m[33m,[39m
[31m[1m>[22m[39m[90m 206 |[39m                         name[33m:[39m 
[36mtrue[39m[33m,[39m
 [90m     |[39m                         [31m[1m^[22m[39m
 [90m 207 |[39m                         description[33m:[39m [36mtrue[39m
 [90m 208 |[39m                     }
 [90m 209 |[39m                 }[0m
Next.js build worker exited with code: 1 and signal: null
